// Jest Snapshot v1, https://goo.gl/fbAQLP

exports[`Play Playのスナップショット 1`] = `
<DocumentFragment>
  <div
    class="l-page play"
  >
    <div
      class="header"
    >
      <p
        class="time"
      >
        ⏱️ 60
      </p>
      <p
        class="score"
      >
        💥 0
      </p>
      <button
        class="tap"
        type="button"
      >
        Tap Here!!
      </button>
    </div>
  </div>
</DocumentFragment>
`;
